<?php

namespace App\Filament\Clusters;

use BackedEnum;
use Filament\Clusters\Cluster;

class Blog extends Cluster
{
    protected static string | BackedEnum | null $navigationIcon = 'heroicon-o-squares-2x2';
}
