<?php

namespace App\Filament\Pages;

use BackedEnum;
use Filament\Forms;
use Filament\Pages\SettingsPage;
use Filament\Schemas\Schema;
use Filament\Tests\Panels\Commands\Legacy\Settings;

class ManageSettings extends SettingsPage
{
    protected static string | BackedEnum | null $navigationIcon = 'heroicon-o-cog-6-tooth';

    protected static string $settings = Settings::class;

    public function form(Schema $schema): Schema
    {
        return $schema
            ->components([
                //
            ]);
    }
}
