<?php

namespace App\Filament\Clusters\Blog;

use BackedEnum;
use Filament\Clusters\Cluster;

class BlogCluster extends Cluster
{
    protected static string|BackedEnum|null $navigationIcon = 'heroicon-o-squares-2x2';
}
