<?php

namespace App\Filament\Resources\UserResource\Pages;

use App\Filament\Resources\TeamResource;
use App\Filament\Resources\UserResource;
use BackedEnum;
use Filament\Resources\Pages\ManageRelatedRecords;

class ManageUserTeams extends ManageRelatedRecords
{
    protected static string $resource = UserResource::class;

    protected static string $relationship = 'teams';

    protected static string|BackedEnum|null $navigationIcon = 'heroicon-o-rectangle-stack';

    protected static ?string $relatedResource = TeamResource::class;
}
